user:
  - id: 5
    username: 'trump'
    # Password encoded from string "eyJ74zdW!Ii51$?)@OiDEyMz*Q1kBt"
    # it can't be used for comparison in tests
    password: '$2a$10$N5cy4BWuSntHGMj3UkO9C.QTNTbF6pEFMohYVxKULUKXQJAoDOJP2'
    email: 'trump@gmail.com'
    online: 'false'
    first_name: 'donald'
    last_name: 'trump'
    # Encoded to byte array with Base64.encodeString("test image png")
    avatar_image: "dGVzdCBpbWFnZSBwbmc="
    last_online_time: '2019-01-01 00:00:01'
    created: '2019-01-01 00:00:01'
    updated: '2019-01-01 00:00:01'
    status: 'DELETED'
    role_id: 1
